// Jest Snapshot v1, https://goo.gl/fbAQLP

exports[`CartItem renders correctly when there is a single item in cart 1`] = `
<body>
  <div>
    <div
      class="grid grid-cols-2 gap-4 min-w-fit justify-center content-center sm:grid-cols-4 sm:gap-2 shadow-md m-5 p-3"
    >
      <div
        class="size-48 m-auto"
      >
        <a
          href="/Product/1"
        >
          <img
            alt="laptop"
            class="object-fill scale-75 z-0"
            src="/assets/product_images/laptop.png"
          />
        </a>
      </div>
      <div>
        <a
          href="/Product/1"
        >
          <h3
            class="font-bold text-xl text-blue my-5"
          >
            laptop
          </h3>
        </a>
        <div
          class="font-semibold flex flex-wrap gap-3 md:flex-col md:gap-1"
        >
          <p>
            Year: 
            2020
          </p>
          <p>
            RAM memory: 
            5
          </p>
          <p>
            Warranty: 
            2
          </p>
          <p>
            Price: 
            10
          </p>
        </div>
      </div>
      <div
        class="flex justify-center items-center"
      >
        <button
          class="btn-blue"
          id="remove-item-btn"
        >
          <svg
            aria-hidden="true"
            class="h-6 w-6"
            data-slot="icon"
            fill="none"
            stroke="currentColor"
            stroke-width="1.5"
            viewBox="0 0 24 24"
            xmlns="http://www.w3.org/2000/svg"
          >
            <path
              d="m14.74 9-.346 9m-4.788 0L9.26 9m9.968-3.21c.342.052.682.107 1.022.166m-1.022-.165L18.16 19.673a2.25 2.25 0 0 1-2.244 2.077H8.084a2.25 2.25 0 0 1-2.244-2.077L4.772 5.79m14.456 0a48.108 48.108 0 0 0-3.478-.397m-12 .562c.34-.059.68-.114 1.022-.165m0 0a48.11 48.11 0 0 1 3.478-.397m7.5 0v-.916c0-1.18-.91-2.164-2.09-2.201a51.964 51.964 0 0 0-3.32 0c-1.18.037-2.09 1.022-2.09 2.201v.916m7.5 0a48.667 48.667 0 0 0-7.5 0"
              stroke-linecap="round"
              stroke-linejoin="round"
            />
          </svg>
        </button>
        <p
          class="font-semibold text-4xl mx-5"
        >
          1
        </p>
        <button
          class="btn-transparent"
          id="add-item-btn"
        >
          <svg
            aria-hidden="true"
            class="h-6 w-6"
            data-slot="icon"
            fill="none"
            stroke="currentColor"
            stroke-width="1.5"
            viewBox="0 0 24 24"
            xmlns="http://www.w3.org/2000/svg"
          >
            <path
              d="M12 4.5v15m7.5-7.5h-15"
              stroke-linecap="round"
              stroke-linejoin="round"
            />
          </svg>
        </button>
      </div>
      <div
        class="font-bold text-xl m-auto"
      >
        <p>
          Total: 
          10.00
        </p>
      </div>
    </div>
  </div>
</body>
`;
